../Core/Src/MP3_PLAYER.c:16:6:MP3Player_Init	16	static
../Core/Src/MP3_PLAYER.c:31:6:reset	8	static
../Core/Src/MP3_PLAYER.c:40:6:setNormalWorking	8	static
../Core/Src/MP3_PLAYER.c:48:6:setPlaybackSource	16	static
../Core/Src/MP3_PLAYER.c:60:6:setVolumn	16	static
../Core/Src/MP3_PLAYER.c:72:6:increaseVolumn	8	static
../Core/Src/MP3_PLAYER.c:82:6:decreaseVolumn	8	static
../Core/Src/MP3_PLAYER.c:92:6:setEQ	16	static
../Core/Src/MP3_PLAYER.c:103:9:playFile	16	static
../Core/Src/MP3_PLAYER.c:117:9:playFolderFile	16	static
../Core/Src/MP3_PLAYER.c:131:6:loopFolder	16	static
../Core/Src/MP3_PLAYER.c:147:6:loopAll	8	static
../Core/Src/MP3_PLAYER.c:156:6:loopFile	16	static
../Core/Src/MP3_PLAYER.c:165:6:loopEnable	8	static
../Core/Src/MP3_PLAYER.c:174:6:loopDisable	8	static
../Core/Src/MP3_PLAYER.c:183:6:play	8	static
../Core/Src/MP3_PLAYER.c:191:6:pause	8	static
../Core/Src/MP3_PLAYER.c:199:6:next	8	static
../Core/Src/MP3_PLAYER.c:207:6:previous	8	static
../Core/Src/MP3_PLAYER.c:215:6:resetMessage	4	static
../Core/Src/MP3_PLAYER.c:225:6:checkSum	16	static
