../Core/Src/MP3_Player.c:17:6:MP3Player_Init	16	static
../Core/Src/MP3_Player.c:32:6:reset	8	static
../Core/Src/MP3_Player.c:41:6:setNormalWorking	8	static
../Core/Src/MP3_Player.c:49:6:setPlaybackSource	16	static
../Core/Src/MP3_Player.c:61:6:setVolumn	16	static
../Core/Src/MP3_Player.c:73:6:increaseVolumn	8	static
../Core/Src/MP3_Player.c:83:6:decreaseVolumn	8	static
../Core/Src/MP3_Player.c:93:6:setEQ	16	static
../Core/Src/MP3_Player.c:104:9:playFile	16	static
../Core/Src/MP3_Player.c:118:9:playFolderFile	16	static
../Core/Src/MP3_Player.c:132:6:loopFolder	16	static
../Core/Src/MP3_Player.c:148:6:loopAll	8	static
../Core/Src/MP3_Player.c:157:6:loopFile	16	static
../Core/Src/MP3_Player.c:166:6:loopEnable	8	static
../Core/Src/MP3_Player.c:175:6:loopDisable	8	static
../Core/Src/MP3_Player.c:184:6:play	8	static
../Core/Src/MP3_Player.c:192:6:pause	8	static
../Core/Src/MP3_Player.c:200:6:next	8	static
../Core/Src/MP3_Player.c:208:6:previous	8	static
../Core/Src/MP3_Player.c:216:6:resetMessage	4	static
../Core/Src/MP3_Player.c:226:6:checkSum	16	static
